{
  children: [
    {
      type: "@escad/core/LeafProduct/ProductA",
    },
    {
      children: [
        ,
      ],
      type: "TupleProduct",
    },
    {
      children: [
        {
          type: "@escad/core/LeafProduct/ProductA",
        },
        {
          type: "@escad/core/LeafProduct/ProductA",
        },
      ],
      type: "ArrayProduct",
    },
    {
      children: [
        {
          type: "@escad/core/LeafProduct/ProductA",
        },
        {
          type: "@escad/core/LeafProduct/ProductB",
        },
        {
          type: "@escad/core/LeafProduct/ProductC",
        },
      ],
      type: "TupleProduct",
    },
    {
      product: {
        type: "@escad/core/LeafProduct/ProductB",
      },
      type: "UnknownProduct",
    },
  ],
  type: "TupleProduct",
}