{
  elementTypes: [
    {
      id: "@escad/core/LeafProduct/ProductA",
      type: "LeafProductType",
    },
    {
      elementTypes: [
      ],
      type: "TupleProductType",
    },
    {
      elementType: {
        id: "@escad/core/LeafProduct/ProductA",
        type: "LeafProductType",
      },
      type: "ArrayProductType",
    },
    {
      elementTypes: [
        {
          id: "@escad/core/LeafProduct/ProductA",
          type: "LeafProductType",
        },
        {
          id: "@escad/core/LeafProduct/ProductB",
          type: "LeafProductType",
        },
        {
          id: "@escad/core/LeafProduct/ProductC",
          type: "LeafProductType",
        },
      ],
      type: "TupleProductType",
    },
    {
      type: "UnknownProductType",
    },
  ],
  type: "TupleProductType",
}