[
  [
    "a->b",
    [
      "retry",
    ],
  ],
  [
    "b->a",
    [
      "retry",
    ],
  ],
  [
    "a->b",
    [
      "call",
      1,
      "promiseResolve",
      -1,
    ],
  ],
  [
    "b->a",
    [
      "resolve",
      1,
      null,
      -1,
    ],
  ],
  [
    "a->b",
    [
      "call",
      2,
      "promiseResolve",
      0,
    ],
  ],
  [
    "b->a",
    [
      "resolve",
      2,
      null,
      0,
    ],
  ],
  [
    "b->a",
    [
      "call",
      1,
      "promiseResolve",
      1,
    ],
  ],
  [
    "a->b",
    [
      "resolve",
      1,
      null,
      1,
    ],
  ],
  [
    "a->b",
    [
      "call",
      3,
      "bouncingPromiseResolve",
      2,
      10,
    ],
  ],
  [
    "b->a",
    [
      "event",
      -1,
      "promiseResolveBounced",
      2,
      10,
    ],
  ],
  [
    "b->a",
    [
      "call",
      2,
      "bouncingPromiseResolve",
      2,
      9,
    ],
  ],
  [
    "a->b",
    [
      "event",
      -1,
      "promiseResolveBounced",
      2,
      9,
    ],
  ],
  [
    "a->b",
    [
      "call",
      4,
      "bouncingPromiseResolve",
      2,
      8,
    ],
  ],
  [
    "b->a",
    [
      "event",
      -1,
      "promiseResolveBounced",
      2,
      8,
    ],
  ],
  [
    "b->a",
    [
      "call",
      3,
      "bouncingPromiseResolve",
      2,
      7,
    ],
  ],
  [
    "a->b",
    [
      "event",
      -1,
      "promiseResolveBounced",
      2,
      7,
    ],
  ],
  [
    "a->b",
    [
      "call",
      5,
      "bouncingPromiseResolve",
      2,
      6,
    ],
  ],
  [
    "b->a",
    [
      "event",
      -1,
      "promiseResolveBounced",
      2,
      6,
    ],
  ],
  [
    "b->a",
    [
      "call",
      4,
      "bouncingPromiseResolve",
      2,
      5,
    ],
  ],
  [
    "a->b",
    [
      "event",
      -1,
      "promiseResolveBounced",
      2,
      5,
    ],
  ],
  [
    "a->b",
    [
      "call",
      6,
      "bouncingPromiseResolve",
      2,
      4,
    ],
  ],
  [
    "b->a",
    [
      "event",
      -1,
      "promiseResolveBounced",
      2,
      4,
    ],
  ],
  [
    "b->a",
    [
      "call",
      5,
      "bouncingPromiseResolve",
      2,
      3,
    ],
  ],
  [
    "a->b",
    [
      "event",
      -1,
      "promiseResolveBounced",
      2,
      3,
    ],
  ],
  [
    "a->b",
    [
      "call",
      7,
      "bouncingPromiseResolve",
      2,
      2,
    ],
  ],
  [
    "b->a",
    [
      "event",
      -1,
      "promiseResolveBounced",
      2,
      2,
    ],
  ],
  [
    "b->a",
    [
      "call",
      6,
      "bouncingPromiseResolve",
      2,
      1,
    ],
  ],
  [
    "a->b",
    [
      "event",
      -1,
      "promiseResolveBounced",
      2,
      1,
    ],
  ],
  [
    "a->b",
    [
      "call",
      8,
      "bouncingPromiseResolve",
      2,
      0,
    ],
  ],
  [
    "b->a",
    [
      "resolve",
      8,
      null,
      2,
    ],
  ],
  [
    "a->b",
    [
      "resolve",
      6,
      null,
      2,
    ],
  ],
  [
    "b->a",
    [
      "resolve",
      7,
      null,
      2,
    ],
  ],
  [
    "a->b",
    [
      "resolve",
      5,
      null,
      2,
    ],
  ],
  [
    "b->a",
    [
      "resolve",
      6,
      null,
      2,
    ],
  ],
  [
    "a->b",
    [
      "resolve",
      4,
      null,
      2,
    ],
  ],
  [
    "b->a",
    [
      "resolve",
      5,
      null,
      2,
    ],
  ],
  [
    "a->b",
    [
      "resolve",
      3,
      null,
      2,
    ],
  ],
  [
    "b->a",
    [
      "resolve",
      4,
      null,
      2,
    ],
  ],
  [
    "a->b",
    [
      "resolve",
      2,
      null,
      2,
    ],
  ],
  [
    "b->a",
    [
      "resolve",
      3,
      null,
      2,
    ],
  ],
  [
    "b->a",
    1234,
  ],
  [
    "b->a",
    null,
  ],
  [
    "b->a",
    {},
  ],
  [
    "b->a",
    [
      ,
    ],
  ],
  [
    "b->a",
    [
      "missingno",
      1,
      2,
      3,
    ],
  ],
  [
    "b->a",
    [
      "call",
      null,
      1,
      1,
    ],
  ],
  [
    "b->a",
    [
      "call",
      1,
      {},
      1,
    ],
  ],
]