Map {
  -1 => [
      "ff ff ff ff ",
    ],
  -128 => [
      "ff ff ff 80 ",
    ],
  -2147483648 => [
      "80 00 00 00 ",
    ],
  -32768 => [
      "ff ff 80 00 ",
    ],
  0 => [
      "00 00 00 00 ",
    ],
  1 => [
      "00 00 00 01 ",
    ],
  127 => [
      "00 00 00 7f ",
    ],
  2147483647 => [
      "7f ff ff ff ",
    ],
  32767 => [
      "00 00 7f ff ",
    ],
}