Map {
  -1 => [
      "ff ff ff ff ",
    ],
  -128 => [
      "80 ff ff ff ",
    ],
  -2147483648 => [
      "00 00 00 80 ",
    ],
  -32768 => [
      "00 80 ff ff ",
    ],
  0 => [
      "00 00 00 00 ",
    ],
  1 => [
      "01 00 00 00 ",
    ],
  127 => [
      "7f 00 00 00 ",
    ],
  2147483647 => [
      "ff ff ff 7f ",
    ],
  32767 => [
      "ff 7f 00 00 ",
    ],
}